<http://example.org/doc/pmc/2751467> <https://dublincore.org/specifications/dublin-core/dcmi-terms/description> "\n         <div xmlns=\"http://www.w3.org/1999/xhtml\" xml:lang=\"en\">\n            <p a=\"bar\" b=\"foo\">123</p>\n\n         </div>\n      "^^<http://www.w3.org/1999/02/22-rdf-syntax-ns#XMLLiteral> .
