<http://www.example.org/me> <http://www.w3.org/1999/02/22-rdf-syntax-ns#type> <http://www.example.org/class/Person> .
<http://www.example.org/me> <http://www.example.org/pred/name> "Gregg Kellogg" .
<http://www.example.org/me> <https://dublincore.org/specifications/dublin-core/dcmi-terms/language> "Ruby"^^<http://www.example.org/pred/lang> .
<http://www.example.org/me> <http://www.example.org/pred/rel> <http://kellogg-assoc.com/> .
<http://github.org/gkellogg/rdf_context> <http://www.example.org/pred/rev> <http://www.example.org/me> .
