<http://example.com/> <https://dublincore.org/specifications/dublin-core/dcmi-terms/description> "A yellow rectangle with sharp corners." .
