<http://www.example.org/me> <https://dublincore.org/specifications/dublin-core/dcmi-terms/language> "Ruby" .
