<http://example.net/> <https://dublincore.org/specifications/dublin-core/dcmi-terms/title> "Test 0304" .
<http://example.net/> <https://dublincore.org/specifications/dublin-core/dcmi-terms/description> "A yellow rectangle with sharp corners." .
